// Jest Snapshot v1, https://goo.gl/fbAQLP

exports[`getStrings wp cli should extract from an array of translations 1`] = `
{
  "": {
    "Hold down the right button to move the model": {
      "comments": {
        "reference": "filename.php:4",
        "translator": "",
      },
      "msgctxt": "",
      "msgid": "Hold down the right button to move the model",
      "msgid_plural": "",
      "msgstr": [
        "",
      ],
    },
    "Left-click and drag to change the angle": {
      "comments": {
        "reference": "filename.php:9",
        "translator": "",
      },
      "msgctxt": "",
      "msgid": "Left-click and drag to change the angle",
      "msgid_plural": "",
      "msgstr": [
        "",
      ],
    },
    "Overview": {
      "comments": {
        "reference": "filename.php:3",
        "translator": "",
      },
      "msgctxt": "",
      "msgid": "Overview",
      "msgid_plural": "",
      "msgstr": [
        "",
      ],
    },
    "Rotation": {
      "comments": {
        "reference": "filename.php:8",
        "translator": "",
      },
      "msgctxt": "",
      "msgid": "Rotation",
      "msgid_plural": "",
      "msgstr": [
        "",
      ],
    },
    "Use the mouse wheel to zoom in or out on the model": {
      "comments": {
        "reference": "filename.php:14",
        "translator": "",
      },
      "msgctxt": "",
      "msgid": "Use the mouse wheel to zoom in or out on the model",
      "msgid_plural": "",
      "msgstr": [
        "",
      ],
    },
    "Zoom": {
      "comments": {
        "reference": "filename.php:13",
        "translator": "",
      },
      "msgctxt": "",
      "msgid": "Zoom",
      "msgid_plural": "",
      "msgstr": [
        "",
      ],
    },
  },
}
`;

exports[`getStrings wp cli should extract translations and comments from code content 1`] = `
{
  "": {
    "Hello World": {
      "comments": {
        "reference": "filename.php:8",
        "translator": "",
      },
      "msgctxt": "",
      "msgid": "Hello World",
      "msgid_plural": "",
      "msgstr": [
        "",
      ],
    },
    "Hello world": {
      "comments": {
        "reference": "filename.php:60",
        "translator": "",
      },
      "msgctxt": "",
      "msgid": "Hello world",
      "msgid_plural": "",
      "msgstr": [
        "",
      ],
    },
    "I am being ignored": {
      "comments": {
        "reference": "filename.php:13",
        "translator": "",
      },
      "msgctxt": "",
      "msgid": "I am being ignored",
      "msgid_plural": "",
      "msgstr": [
        "",
      ],
    },
    "_": {
      "comments": {
        "reference": "filename.php:34",
        "translator": "",
      },
      "msgctxt": "",
      "msgid": "_",
      "msgid_plural": "",
      "msgstr": [
        "",
      ],
    },
    "__": {
      "comments": {
        "reference": "filename.php:15",
        "translator": "",
      },
      "msgctxt": "",
      "msgid": "__",
      "msgid_plural": "",
      "msgstr": [
        "",
      ],
    },
    "__ngettext_noop_single": {
      "comments": {
        "reference": "filename.php:40",
        "translator": "",
      },
      "msgctxt": "",
      "msgid": "__ngettext_noop_single",
      "msgid_plural": "__ngettext_noop_plural",
      "msgstr": [
        "",
        "",
      ],
    },
    "__ngettext_single": {
      "comments": {
        "reference": "filename.php:39",
        "translator": "",
      },
      "msgctxt": "",
      "msgid": "__ngettext_single",
      "msgid_plural": "__ngettext_plural",
      "msgstr": [
        "",
        "",
      ],
    },
    "_c": {
      "comments": {
        "reference": "filename.php:37",
        "translator": "",
      },
      "msgctxt": "",
      "msgid": "_c",
      "msgid_plural": "",
      "msgstr": [
        "",
      ],
    },
    "_e": {
      "comments": {
        "reference": "filename.php:19",
        "translator": "",
      },
      "msgctxt": "",
      "msgid": "_e",
      "msgid_plural": "",
      "msgstr": [
        "",
      ],
    },
    "_n_noop_single": {
      "comments": {
        "reference": "filename.php:30",
        "translator": "",
      },
      "msgctxt": "",
      "msgid": "_n_noop_single",
      "msgid_plural": "_n_noop_plural",
      "msgstr": [
        "",
        "",
      ],
    },
    "_n_single": {
      "comments": {
        "reference": "filename.php:55",
        "translator": "",
      },
      "msgctxt": "",
      "msgid": "_n_single",
      "msgid_plural": "_n_plural",
      "msgstr": [
        "",
        "",
      ],
    },
    "_nc_single": {
      "comments": {
        "reference": "filename.php:38",
        "translator": "",
      },
      "msgctxt": "",
      "msgid": "_nc_single",
      "msgid_plural": "_nc_plural",
      "msgstr": [
        "",
        "",
      ],
    },
    "esc_attr__": {
      "comments": {
        "reference": "filename.php:16",
        "translator": "",
      },
      "msgctxt": "",
      "msgid": "esc_attr__",
      "msgid_plural": "",
      "msgstr": [
        "",
      ],
    },
    "esc_attr_e": {
      "comments": {
        "reference": "filename.php:20",
        "translator": "",
      },
      "msgctxt": "",
      "msgid": "esc_attr_e",
      "msgid_plural": "",
      "msgstr": [
        "",
      ],
    },
    "esc_html__": {
      "comments": {
        "reference": "filename.php:17",
        "translator": "",
      },
      "msgctxt": "",
      "msgid": "esc_html__",
      "msgid_plural": "",
      "msgstr": [
        "",
      ],
    },
    "esc_html_e": {
      "comments": {
        "reference": "filename.php:21",
        "translator": "",
      },
      "msgctxt": "",
      "msgid": "esc_html_e",
      "msgid_plural": "",
      "msgstr": [
        "",
      ],
    },
    "esc_xml__": {
      "comments": {
        "reference": "filename.php:18",
        "translator": "",
      },
      "msgctxt": "",
      "msgid": "esc_xml__",
      "msgid_plural": "",
      "msgstr": [
        "",
      ],
    },
    "esc_xml_e": {
      "comments": {
        "reference": "filename.php:22",
        "translator": "",
      },
      "msgctxt": "",
      "msgid": "esc_xml_e",
      "msgid_plural": "",
      "msgstr": [
        "",
      ],
    },
    "wrong-domain": {
      "comments": {
        "reference": "filename.php:58",
        "translator": "",
      },
      "msgctxt": "",
      "msgid": "wrong-domain",
      "msgid_plural": "",
      "msgstr": [
        "",
      ],
    },
  },
  "_ex_context": {
    "_ex": {
      "comments": {
        "reference": "filename.php:24",
        "translator": "",
      },
      "msgctxt": "_ex_context",
      "msgid": "_ex",
      "msgid_plural": "",
      "msgstr": [
        "",
      ],
    },
  },
  "_nx_context": {
    "_nx_single": {
      "comments": {
        "reference": "filename.php:56",
        "translator": "",
      },
      "msgctxt": "_nx_context",
      "msgid": "_nx_single",
      "msgid_plural": "_nx_plural",
      "msgstr": [
        "",
        "",
      ],
    },
  },
  "_nx_noop_context": {
    "_nx_noop_single": {
      "comments": {
        "reference": "filename.php:31",
        "translator": "",
      },
      "msgctxt": "_nx_noop_context",
      "msgid": "_nx_noop_single",
      "msgid_plural": "_nx_noop_plural",
      "msgstr": [
        "",
        "",
      ],
    },
  },
  "_x_context": {
    "_x": {
      "comments": {
        "reference": "filename.php:54",
        "translator": "",
      },
      "msgctxt": "_x_context",
      "msgid": "_x",
      "msgid_plural": "",
      "msgstr": [
        "",
      ],
    },
  },
  "esc_attr_x_context": {
    "esc_attr_x": {
      "comments": {
        "reference": "filename.php:25",
        "translator": "",
      },
      "msgctxt": "esc_attr_x_context",
      "msgid": "esc_attr_x",
      "msgid_plural": "",
      "msgstr": [
        "",
      ],
    },
  },
  "esc_html_x_context": {
    "esc_html_x": {
      "comments": {
        "reference": "filename.php:26",
        "translator": "",
      },
      "msgctxt": "esc_html_x_context",
      "msgid": "esc_html_x",
      "msgid_plural": "",
      "msgstr": [
        "",
      ],
    },
  },
  "esc_xml_x_context": {
    "esc_xml_x": {
      "comments": {
        "reference": "filename.php:27",
        "translator": "",
      },
      "msgctxt": "esc_xml_x_context",
      "msgid": "esc_xml_x",
      "msgid_plural": "",
      "msgstr": [
        "",
      ],
    },
  },
}
`;

exports[`getStrings wp cli should extract translations and comments from code content 2`] = `
{
  "": {
    "Bar Baz": {
      "comments": {
        "reference": "filename.php:7",
        "translator": "",
      },
      "msgctxt": "",
      "msgid": "Bar Baz",
      "msgid_plural": "",
      "msgstr": [
        "",
      ],
    },
    "F j, Y g:i a": {
      "comments": {
        "reference": "filename.php:58",
        "translator": "localized date and time format, see https://secure.php.net/date",
      },
      "msgctxt": "",
      "msgid": "F j, Y g:i a",
      "msgid_plural": "",
      "msgstr": [
        "",
      ],
    },
    "Foo Bar": {
      "comments": {
        "reference": "filename.php:4",
        "translator": "",
      },
      "msgctxt": "",
      "msgid": "Foo Bar",
      "msgid_plural": "",
      "msgstr": [
        "",
      ],
    },
    "Hello JSX": {
      "comments": {
        "reference": "filename.php:22",
        "translator": "",
      },
      "msgctxt": "",
      "msgid": "Hello JSX",
      "msgid_plural": "",
      "msgstr": [
        "",
      ],
    },
    "Plugin name": {
      "comments": {
        "reference": "filename.php:79",
        "translator": "This is a comment",
      },
      "msgctxt": "",
      "msgid": "Plugin name",
      "msgid_plural": "",
      "msgstr": [
        "",
      ],
    },
    "Short text": {
      "comments": {
        "reference": "filename.php:19",
        "translator": "Long comment
      spanning multiple
      lines",
      },
      "msgctxt": "",
      "msgid": "Short text",
      "msgid_plural": "",
      "msgstr": [
        "",
      ],
    },
    "Spacey text": {
      "comments": {
        "reference": "filename.php:14",
        "translator": "",
      },
      "msgctxt": "",
      "msgid": "Spacey text",
      "msgid_plural": "",
      "msgstr": [
        "",
      ],
    },
    "WordPress": {
      "comments": {
        "reference": "filename.php:10",
        "translator": "",
      },
      "msgctxt": "",
      "msgid": "WordPress",
      "msgid_plural": "",
      "msgstr": [
        "",
      ],
    },
    "\`This is a \${bug}\`": {
      "comments": {
        "reference": "filename.php:45",
        "translator": "",
      },
      "msgctxt": "",
      "msgid": "\`This is a \${bug}\`",
      "msgid_plural": "",
      "msgstr": [
        "",
      ],
    },
    "baba": {
      "comments": {
        "reference": "filename.php:69",
        "translator": "this should get extracted.",
      },
      "msgctxt": "",
      "msgid": "baba",
      "msgid_plural": "",
      "msgstr": [
        "",
      ],
    },
    "bubu": {
      "comments": {
        "reference": "filename.php:71",
        "translator": "",
      },
      "msgctxt": "",
      "msgid": "bubu",
      "msgid_plural": "",
      "msgstr": [
        "",
      ],
    },
    "foo": {
      "comments": {
        "reference": "filename.php:55",
        "translator": "Translators 2!",
      },
      "msgctxt": "",
      "msgid": "foo",
      "msgid_plural": "",
      "msgstr": [
        "",
      ],
    },
    "hello world": {
      "comments": {
        "reference": "filename.php:52",
        "translator": "Translators 1!",
      },
      "msgctxt": "",
      "msgid": "hello world",
      "msgid_plural": "",
      "msgstr": [
        "",
      ],
    },
    "https://example.com": {
      "comments": {
        "reference": "filename.php:82",
        "translator": "This is another comment!",
      },
      "msgctxt": "",
      "msgid": "https://example.com",
      "msgid_plural": "",
      "msgstr": [
        "",
      ],
    },
    "off": {
      "comments": {
        "reference": "filename.php:67",
        "translator": "/*
       * Translators: If there are characters in your language that are not supported
       * by Lato, translate this to 'off'. Do not translate into your own language.
       */",
      },
      "msgctxt": "",
      "msgid": "off",
      "msgid_plural": "",
      "msgstr": [
        "",
      ],
    },
    "on": {
      "comments": {
        "reference": "filename.php:61",
        "translator": "",
      },
      "msgctxt": "",
      "msgid": "on",
      "msgid_plural": "",
      "msgstr": [
        "",
      ],
    },
    "translate.__": {
      "comments": {
        "reference": "filename.php:30",
        "translator": "",
      },
      "msgctxt": "",
      "msgid": "translate.__",
      "msgid_plural": "",
      "msgstr": [
        "",
      ],
    },
    "wp.i18n.__": {
      "comments": {
        "reference": "filename.php:26",
        "translator": "",
      },
      "msgctxt": "",
      "msgid": "wp.i18n.__",
      "msgid_plural": "",
      "msgstr": [
        "",
      ],
    },
    "wp.i18n._n_single": {
      "comments": {
        "reference": "filename.php:27",
        "translator": "",
      },
      "msgctxt": "",
      "msgid": "wp.i18n._n_single",
      "msgid_plural": "wp.i18n._n_plural",
      "msgstr": [
        "",
        "",
      ],
    },
    "yolo": {
      "comments": {
        "reference": "filename.php:76",
        "translator": "",
      },
      "msgctxt": "",
      "msgid": "yolo",
      "msgid_plural": "",
      "msgstr": [
        "",
      ],
    },
  },
}
`;
