// Jest Snapshot v1, https://goo.gl/fbAQLP

exports[`getStrings Should build pot file 1`] = `
{
  "": {
    "Huge": {
      "comments": {
        "reference": "file.php:252",
        "translator": undefined,
      },
      "msgctxt": undefined,
      "msgid": "Huge",
      "msgid_plural": "",
      "msgstr": [],
    },
    "Large": {
      "comments": {
        "reference": "file.php:247",
        "translator": undefined,
      },
      "msgctxt": undefined,
      "msgid": "Large",
      "msgid_plural": "",
      "msgstr": [],
    },
    "Light green cyan to vivid green cyan": {
      "comments": {
        "reference": "file.php:189",
        "translator": undefined,
      },
      "msgctxt": undefined,
      "msgid": "Light green cyan to vivid green cyan",
      "msgid_plural": "",
      "msgstr": [],
    },
    "Luminous vivid amber to luminous vivid orange": {
      "comments": {
        "reference": "file.php:194",
        "translator": undefined,
      },
      "msgctxt": undefined,
      "msgid": "Luminous vivid amber to luminous vivid orange",
      "msgid_plural": "",
      "msgstr": [],
    },
    "Luminous vivid orange to vivid red": {
      "comments": {
        "reference": "file.php:199",
        "translator": undefined,
      },
      "msgctxt": undefined,
      "msgid": "Luminous vivid orange to vivid red",
      "msgid_plural": "",
      "msgstr": [],
    },
    "Regular": {
      "comments": {
        "reference": "file.php:242",
        "translator": undefined,
      },
      "msgctxt": undefined,
      "msgid": "Regular",
      "msgid_plural": "",
      "msgstr": [],
    },
    "Small": {
      "comments": {
        "reference": "file.php:237",
        "translator": undefined,
      },
      "msgctxt": undefined,
      "msgid": "Small",
      "msgid_plural": "",
      "msgstr": [],
    },
    "Vivid cyan blue to vivid purple": {
      "comments": {
        "reference": "file.php:179",
        "translator": undefined,
      },
      "msgctxt": undefined,
      "msgid": "Vivid cyan blue to vivid purple",
      "msgid_plural": "",
      "msgstr": [],
    },
    "Vivid green cyan to vivid cyan blue": {
      "comments": {
        "reference": "file.php:184",
        "translator": undefined,
      },
      "msgctxt": undefined,
      "msgid": "Vivid green cyan to vivid cyan blue",
      "msgid_plural": "",
      "msgstr": [],
    },
    "light grayish magenta": {
      "comments": {
        "reference": "file.php:123",
        "translator": undefined,
      },
      "msgctxt": undefined,
      "msgid": "light grayish magenta",
      "msgid_plural": "",
      "msgstr": [],
    },
    "sdasdasdasd": {
      "comments": {
        "reference": "file.php:7",
        "translator": "ciao2!",
      },
      "msgctxt": undefined,
      "msgid": "sdasdasdasd",
      "msgid_plural": "",
      "msgstr": [],
    },
    "strong magenta": {
      "comments": {
        "reference": "file.php:118",
        "translator": undefined,
      },
      "msgctxt": undefined,
      "msgid": "strong magenta",
      "msgid_plural": "",
      "msgstr": [],
    },
    "very dark gray": {
      "comments": {
        "reference": "file.php:133",
        "translator": undefined,
      },
      "msgctxt": undefined,
      "msgid": "very dark gray",
      "msgid_plural": "",
      "msgstr": [],
    },
    "very light gray": {
      "comments": {
        "reference": "file.php:128",
        "translator": undefined,
      },
      "msgctxt": undefined,
      "msgid": "very light gray",
      "msgid_plural": "",
      "msgstr": [],
    },
  },
}
`;
