// Jest Snapshot v1, https://goo.gl/fbAQLP

exports[`doTree js Should build pot file js 1`] = `
{
  "": {
    "Hello World": {
      "comments": {
        "comment": "",
        "extracted": "",
        "flag": "",
        "previous": "",
        "reference": "block/javascript.js:19",
        "translator": undefined,
      },
      "msgid": "Hello World",
      "msgid_plural": "myguten",
      "msgstr": [],
    },
    "Simple Block": {
      "comments": {
        "comment": "",
        "extracted": "",
        "flag": "",
        "previous": "",
        "reference": "block/javascript.js:7",
        "translator": undefined,
      },
      "msgid": "Simple Block",
      "msgid_plural": "myguten",
      "msgstr": [],
    },
  },
}
`;
