// Jest Snapshot v1, https://goo.gl/fbAQLP

exports[`doTree Should build pot file 1`] = `
{
  "": {
    "Huge": {
      "comments": {
        "reference": "sourcedir/file.php:252",
      },
      "msgid": "Huge",
      "msgid_plural": undefined,
      "msgstr": [],
    },
    "Large": {
      "comments": {
        "reference": "sourcedir/file.php:247",
      },
      "msgid": "Large",
      "msgid_plural": undefined,
      "msgstr": [],
    },
    "Light green cyan to vivid green cyan": {
      "comments": {
        "reference": "sourcedir/file.php:189",
      },
      "msgid": "Light green cyan to vivid green cyan",
      "msgid_plural": undefined,
      "msgstr": [],
    },
    "Luminous vivid amber to luminous vivid orange": {
      "comments": {
        "reference": "sourcedir/file.php:194",
      },
      "msgid": "Luminous vivid amber to luminous vivid orange",
      "msgid_plural": undefined,
      "msgstr": [],
    },
    "Luminous vivid orange to vivid red": {
      "comments": {
        "reference": "sourcedir/file.php:199",
      },
      "msgid": "Luminous vivid orange to vivid red",
      "msgid_plural": undefined,
      "msgstr": [],
    },
    "Regular": {
      "comments": {
        "reference": "sourcedir/file.php:242",
      },
      "msgid": "Regular",
      "msgid_plural": undefined,
      "msgstr": [],
    },
    "Small": {
      "comments": {
        "reference": "sourcedir/file.php:237",
      },
      "msgid": "Small",
      "msgid_plural": undefined,
      "msgstr": [],
    },
    "Vivid cyan blue to vivid purple": {
      "comments": {
        "reference": "sourcedir/file.php:179",
      },
      "msgid": "Vivid cyan blue to vivid purple",
      "msgid_plural": undefined,
      "msgstr": [],
    },
    "Vivid green cyan to vivid cyan blue": {
      "comments": {
        "reference": "sourcedir/file.php:184",
      },
      "msgid": "Vivid green cyan to vivid cyan blue",
      "msgid_plural": undefined,
      "msgstr": [],
    },
    "light grayish magenta": {
      "comments": {
        "reference": "sourcedir/file.php:123",
      },
      "msgid": "light grayish magenta",
      "msgid_plural": undefined,
      "msgstr": [],
    },
    "sdasdasdasd": {
      "comments": {
        "reference": "sourcedir/file.php:7",
        "translator": "ciao2!",
      },
      "msgid": "sdasdasdasd",
      "msgid_plural": undefined,
      "msgstr": [],
    },
    "strong magenta": {
      "comments": {
        "reference": "sourcedir/file.php:118",
      },
      "msgid": "strong magenta",
      "msgid_plural": undefined,
      "msgstr": [],
    },
    "very dark gray": {
      "comments": {
        "reference": "sourcedir/file.php:133",
      },
      "msgid": "very dark gray",
      "msgid_plural": undefined,
      "msgstr": [],
    },
    "very light gray": {
      "comments": {
        "reference": "sourcedir/file.php:128",
      },
      "msgid": "very light gray",
      "msgid_plural": undefined,
      "msgstr": [],
    },
  },
}
`;

exports[`doTree Should build pot file 2`] = `
{
  "": {
    "%d thing.": {
      "comments": {
        "reference": "sourcedir/file.php:42",
      },
      "msgid": "%d thing.",
      "msgid_plural": undefined,
      "msgstr": [],
    },
    "%s comment": {
      "comments": {
        "reference": "sourcedir/file.php:30",
      },
      "msgid": "%s comment",
      "msgid_plural": undefined,
      "msgstr": [],
    },
    "%s comment.": {
      "comments": {
        "reference": "sourcedir/file.php:46",
      },
      "msgid": "%s comment.",
      "msgid_plural": undefined,
      "msgstr": [],
    },
    ", and your zip code is ": {
      "comments": {
        "reference": "sourcedir/file.php:86",
      },
      "msgid": ", and your zip code is ",
      "msgid_plural": undefined,
      "msgstr": [],
    },
    "<strong>Version %1$s</strong> addressed %2$s bug.": {
      "comments": {
        "reference": "sourcedir/file.php:71",
        "translator": "",
      },
      "msgid": "<strong>Version %1$s</strong> addressed %2$s bug.",
      "msgid_plural": undefined,
      "msgstr": [],
    },
    "Blog Options": {
      "comments": {
        "reference": "sourcedir/file.php:3",
      },
      "msgid": "Blog Options",
      "msgid_plural": undefined,
      "msgstr": [],
    },
    "Last thing!": {
      "comments": {
        "reference": "sourcedir/file.php:40",
      },
      "msgid": "Last thing!",
      "msgid_plural": undefined,
      "msgstr": [],
    },
    "Post": {
      "comments": {
        "reference": "sourcedir/file.php:63",
      },
      "msgid": "Post",
      "msgid_plural": undefined,
      "msgstr": [],
    },
    "Posts:": {
      "comments": {
        "reference": "sourcedir/file.php:89",
      },
      "msgid": "Posts:",
      "msgid_plural": undefined,
      "msgstr": [],
    },
    "Search results for: %s": {
      "comments": {
        "reference": "sourcedir/file.php:78",
      },
      "msgid": "Search results for: %s",
      "msgid_plural": undefined,
      "msgstr": [],
    },
    "WordPress is the best!": {
      "comments": {
        "reference": "sourcedir/file.php:7",
      },
      "msgid": "WordPress is the best!",
      "msgid_plural": undefined,
      "msgstr": [],
    },
    "Your city is ": {
      "comments": {
        "reference": "sourcedir/file.php:86",
      },
      "msgid": "Your city is ",
      "msgid_plural": undefined,
      "msgstr": [],
    },
    "Your city is $city.": {
      "comments": {
        "reference": "sourcedir/file.php:74",
      },
      "msgid": "Your city is $city.",
      "msgid_plural": undefined,
      "msgstr": [],
    },
    "Your city is %1$s, and your zip code is %2$s.": {
      "comments": {
        "reference": "sourcedir/file.php:83",
      },
      "msgid": "Your city is %1$s, and your zip code is %2$s.",
      "msgid_plural": undefined,
      "msgstr": [],
    },
    "Your city is %s.": {
      "comments": {
        "reference": "sourcedir/file.php:11",
        "translator": "",
      },
      "msgid": "Your city is %s.",
      "msgid_plural": undefined,
      "msgstr": [],
    },
    "Your zip code is %2$s, and your city is %1$s.": {
      "comments": {
        "reference": "sourcedir/file.php:24",
        "translator": "",
      },
      "msgid": "Your zip code is %2$s, and your city is %1$s.",
      "msgid_plural": undefined,
      "msgstr": [],
    },
    "g:i:s a": {
      "comments": {
        "reference": "sourcedir/file.php:66",
        "translator": "",
      },
      "msgid": "g:i:s a",
      "msgid_plural": undefined,
      "msgstr": [],
    },
  },
}
`;

exports[`doTree Should parse TSX file and extract strings 1`] = `
{
  "": {
    "Edit Link": {
      "comments": {
        "reference": "SvgControls.tsx:93",
      },
      "msgid": "Edit Link",
      "msgid_plural": undefined,
      "msgstr": [],
    },
    "Replace SVG": {
      "comments": {
        "reference": "SvgControls.tsx:107",
      },
      "msgid": "Replace SVG",
      "msgid_plural": undefined,
      "msgstr": [],
    },
    "Unlink": {
      "comments": {
        "reference": "SvgControls.tsx:99",
      },
      "msgid": "Unlink",
      "msgid_plural": undefined,
      "msgstr": [],
    },
  },
}
`;

exports[`doTree Should parse js 1`] = `
{
  "": {
    "Hello World": {
      "comments": {
        "reference": "block/javascript.js:19",
      },
      "msgid": "Hello World",
      "msgid_plural": undefined,
      "msgstr": [],
    },
    "Simple Block": {
      "comments": {
        "reference": "block/javascript.js:7",
      },
      "msgid": "Simple Block",
      "msgid_plural": undefined,
      "msgstr": [],
    },
  },
}
`;
